/* eslint-disable */
// @ts-ignore
export * from './types';

export * from './userZ';
/* eslint-disable */
// @ts-ignore

export type UserZz1UsingGetResponses = {
  /**
   * OK
   */
  200: string;
};

export type UserZz1Zz1UsingGetResponses = {
  /**
   * OK
   */
  200: string;
};
/* eslint-disable */
// @ts-ignore
import request from '../request';

import * as API from './types';

/** f1 ffff GET /user-z/z1 */
export async function userZz1UsingGet({
  options,
}: {
  options?: { [key: string]: unknown };
}) {
  return request<string>('/user-z/z1', {
    method: 'GET',
    ...(options || {}),
  });
}

/** z1/zz1 GET /user-z/z1/zz1 */
export async function userZz1Zz1UsingGet({
  options,
}: {
  options?: { [key: string]: unknown };
}) {
  return request<string>('/user-z/z1/zz1', {
    method: 'GET',
    ...(options || {}),
  });
}
