/* eslint-disable */
// @ts-ignore
export * from './types';
/* eslint-disable */
// @ts-ignore
export {};
