/* eslint-disable */
// @ts-ignore
export * from './types';

export * from './sysA';
/* eslint-disable */
// @ts-ignore
import request from '../request';

import * as API from './types';

/** a1/a1/aa1 GET /sys-a/a1/aa1/aaa1 */
export async function sysAa1Aa1Aaa1UsingGet({
  options,
}: {
  options?: { [key: string]: unknown };
}) {
  return request<string>('/sys-a/a1/aa1/aaa1', {
    method: 'GET',
    ...(options || {}),
  });
}

/** a1/a1/aa1/aaa1 GET /sys-a/a1/aa1/aaa1/aaaa1 */
export async function sysAa1Aa1Aaa1Aaaa1UsingGet({
  options,
}: {
  options?: { [key: string]: unknown };
}) {
  return request<string>('/sys-a/a1/aa1/aaa1/aaaa1', {
    method: 'GET',
    ...(options || {}),
  });
}
/* eslint-disable */
// @ts-ignore

export type SysAa1Aa1Aaa1Aaaa1UsingGetResponses = {
  /**
   * OK
   */
  200: string;
};

export type SysAa1Aa1Aaa1UsingGetResponses = {
  /**
   * OK
   */
  200: string;
};
